// Jest Snapshot v1, https://goo.gl/fbAQLP

exports[`CloudFormation list lists stacks successfully 1`] = `
Array [
  "test-document-service-v2-abc",
  "test-scheduled-reports-abc",
  "carrier-integration-stub-abc",
  "ups-v3-abc",
  "collection-point-abc",
  "test-nginx-proxy-abc",
  "test-completion-service-abc",
  "test-experience-service-abc",
  "test-carrier-service-abc",
  "tracking-role-service-abc",
  "test-shipment-service-abc",
  "test-account-service-abc",
  "test-order-service-abc",
  "awseb-e-umysvmxihi-stack",
  "schemas-service-abc",
  "providence-auth-abc",
  "credentials-abc-support",
  "dpd-uk-abc",
  "credentials-abc-carriers",
  "test-document-service-abc",
  "test-tracking-service-abc",
  "test-product-service-abc",
  "test-rate-service-abc",
  "rate-templates-abc",
  "test-session-service-abc",
  "test-documentation-storage-abc",
  "test-container-service-abc",
  "packing-service-abc",
  "test-stream-service-abc",
  "magento-shipping-service-abc",
  "test-notification-service-abc",
  "collection-point-service-abc",
  "test-location-service-abc",
  "test-billing-service-abc",
  "test-sequencer-abc",
  "credentials-abc-phoenix",
]
`;
