// Jest Snapshot v1, https://goo.gl/fbAQLP

exports[`S3 resources list buckets 1`] = `
Object {
  "buckets": Array [
    "cleaner-integration-stub-serverlessdeploymentbuck-y58aik0p2irv",
    "collection-point-service-payloads-abc-ap-southeast-2",
    "collection-point-service-serverlessdeploymentbuck-jdu7llhd88nm",
    "data-crawler-abc-inventory-ap-southeast-2",
    "data-crawler-abc-serverlessdeploymentbucket-1chqsvxeus55v",
    "data-crawler-abc-test-backup-ap-southeast-2",
    "data-service-abc-ap-southeast-2-datawarehouse",
    "data-service-abc-serverlessdeploymentbucket-zhgxjvm38fpo",
    "dpd-uk-abc-serverlessdeploymentbucket-tijgx0o9pe46",
    "elasticbeanstalk-ap-southeast-2-156949620760",
    "elasticbeanstalk-eu-west-1-156949620760",
    "elasticsearch-tdev-serverlessdeploymentbucket-1eqritkg6slib",
    "elasticsearch-tdev-serverlessdeploymentbucket-gyw87icosqoy",
    "elasticsearch-tdev-serverlessdeploymentbucket-xpa6xx7p0or9",
    "elasticsearch-abc-serverlessdeploymentbucket-1s1am5x4a7zca",
    "fedex-v1-abc-serverlessdeploymentbucket-1jo1b7akuqnz2",
    "magento-shipping-service-serverlessdeploymentbuck-1fte8ja73ruq0",
    "providence-auth-abc-serverlessdeploymentbucket-1sivfa9m3eyqu",
    "rate-templates-ap-southeast-2-abc",
    "report-service-abc-ap-southeast-2-storage",
    "report-service-abc-serverlessdeploymentbucket-29h8lzsfl5md",
    "schemas-service-abc-ap-southeast-2",
    "schemas-service-abc-serverlessdeploymentbucket-1lsjeq6tcuj8o",
    "storage-v2-tdev-backup-ap-southeast-2",
    "storage-v2-tdev-backup-eu-west-1",
    "storage-v2-tdev-backup-us-east-2",
    "storage-v2-tdev-lfs-ap-southeast-2",
    "storage-v2-tdev-lfs-eu-west-1",
    "storage-v2-tdev-lfs-us-east-2",
    "storage-v2-abc-backup-ap-southeast-2",
    "storage-v2-abc-lfs-ap-southeast-2",
    "abc-backup",
    "abc-magento-portal",
    "temando-account-service-serverlessdeploymentbuck-1dknczv5nxq25",
    "temando-account-service-serverlessdeploymentbuck-kmjk3akcwaoj",
    "temando-billing-service-serverlessdeploymentbuck-1i5oguho0rvt5",
    "temando-cleaner-service-abc-ap-southeast-2-storage",
    "temando-console-review-cypress-te-6qz0p7-data",
    "temando-console-review-cypress-te-6qz0p7-web",
    "temando-console-review-pipeline-f-ujoi1e-data",
    "temando-console-review-pipeline-f-ujoi1e-web",
    "temando-console-review-revised-cy-5n10mu-data",
    "temando-console-review-revised-cy-5n10mu-web",
    "temando-console-review-abc-cypres-5f9zil-data",
    "temando-console-review-abc-cypres-5f9zil-web",
    "temando-console-review-test-cypre-i6mcit-data",
    "temando-console-review-test-cypre-i6mcit-web",
    "temando-console-abc-data",
    "temando-console-abc-web",
    "temando-document-service-abc-ap-southeast-2-bucket",
    "temando-documentation-storage-abc-ap-southeast-2",
    "temando-nginx-proxy-abc-cf",
    "temando-service-registry-serverlessdeploymentbuck-1q80fhjl9cvil",
    "temando-service-registry-serverlessdeploymentbuck-u8wqdykdgo4n",
    "temando-service-registry-tdev-state",
    "temando-service-registry-abc-state",
    "temando-session-service-serverlessdeploymentbuck-1ki7u1vw3o3y",
    "temando-sls-deployments-tdev-ap-southeast-2",
    "temando-sls-deployments-tdev-eu-west-1",
    "temando-sls-deployments-tdev-us-east-2",
    "temando-sls-deployments-abc-ap-southeast-2",
    "temando-sls-deployments-abc-eu-west-1",
    "temando-stream-service-t-serverlessdeploymentbuck-1jwbedisqj69t",
    "temando-swagger-registry-serverlessdeploymentbuck-zyt5s16dor73",
    "temando-swagger-registry-abc-storage",
    "temando-tracking-service-abc-store",
    "ups-v3-abc-serverlessdeploymentbucket-f7h6ngs32no",
    "vpc-infrastructure-abc-serverlessdeploymentbucket-1qa0tel4hc2rg",
  ],
  "profile": "default",
  "region": "ap-southeast-2",
}
`;
